
Allocating common symbols
Common symbol       size              file

akselerometer_mottaksbuffer
                    0x6               ..\obj\akselerometer_metoder.o
ADC4_conv_val       0x2               ..\obj\ADC_metoder.o
RxMsg               0x14              ..\obj\can_metoder.o
Rx_Array            0x80              ..\obj\can_metoder.o

Discarded input sections

 .text          0x00000000        0x0 ..\obj\UART_metoder.o
 .data          0x00000000        0x0 ..\obj\UART_metoder.o
 .text.USART_transmit
                0x00000000       0x64 ..\obj\UART_metoder.o
 .text.USART_getNewBytes
                0x00000000       0x18 ..\obj\UART_metoder.o
 .text.USART_getRxMessage
                0x00000000       0x44 ..\obj\UART_metoder.o
 .text          0x00000000        0x0 ..\obj\stm32f30x_rcc.o
 .bss           0x00000000        0x0 ..\obj\stm32f30x_rcc.o
 .text.RCC_DeInit
                0x00000000       0x7c ..\obj\stm32f30x_rcc.o
 .text.RCC_HSEConfig
                0x00000000       0x24 ..\obj\stm32f30x_rcc.o
 .text.RCC_WaitForHSEStartUp
                0x00000000       0x50 ..\obj\stm32f30x_rcc.o
 .text.RCC_AdjustHSICalibrationValue
                0x00000000       0x3c ..\obj\stm32f30x_rcc.o
 .text.RCC_HSICmd
                0x00000000       0x20 ..\obj\stm32f30x_rcc.o
 .text.RCC_LSEConfig
                0x00000000       0x3c ..\obj\stm32f30x_rcc.o
 .text.RCC_LSEDriveConfig
                0x00000000       0x30 ..\obj\stm32f30x_rcc.o
 .text.RCC_LSICmd
                0x00000000       0x20 ..\obj\stm32f30x_rcc.o
 .text.RCC_PLLConfig
                0x00000000       0x34 ..\obj\stm32f30x_rcc.o
 .text.RCC_PLLCmd
                0x00000000       0x20 ..\obj\stm32f30x_rcc.o
 .text.RCC_PREDIV1Config
                0x00000000       0x38 ..\obj\stm32f30x_rcc.o
 .text.RCC_ClockSecuritySystemCmd
                0x00000000       0x20 ..\obj\stm32f30x_rcc.o
 .text.RCC_MCOConfig
                0x00000000       0x20 ..\obj\stm32f30x_rcc.o
 .text.RCC_SYSCLKConfig
                0x00000000       0x38 ..\obj\stm32f30x_rcc.o
 .text.RCC_GetSYSCLKSource
                0x00000000       0x20 ..\obj\stm32f30x_rcc.o
 .text.RCC_HCLKConfig
                0x00000000       0x38 ..\obj\stm32f30x_rcc.o
 .text.RCC_PCLK1Config
                0x00000000       0x38 ..\obj\stm32f30x_rcc.o
 .text.RCC_PCLK2Config
                0x00000000       0x38 ..\obj\stm32f30x_rcc.o
 .text.RCC_I2CCLKConfig
                0x00000000       0x4c ..\obj\stm32f30x_rcc.o
 .text.RCC_TIMCLKConfig
                0x00000000       0x4c ..\obj\stm32f30x_rcc.o
 .text.RCC_USARTCLKConfig
                0x00000000       0x98 ..\obj\stm32f30x_rcc.o
 .text.RCC_USBCLKConfig
                0x00000000       0x1c ..\obj\stm32f30x_rcc.o
 .text.RCC_RTCCLKConfig
                0x00000000       0x24 ..\obj\stm32f30x_rcc.o
 .text.RCC_I2SCLKConfig
                0x00000000       0x1c ..\obj\stm32f30x_rcc.o
 .text.RCC_RTCCLKCmd
                0x00000000       0x20 ..\obj\stm32f30x_rcc.o
 .text.RCC_BackupResetCmd
                0x00000000       0x20 ..\obj\stm32f30x_rcc.o
 .text.RCC_AHBPeriphResetCmd
                0x00000000       0x3c ..\obj\stm32f30x_rcc.o
 .text.RCC_APB2PeriphResetCmd
                0x00000000       0x3c ..\obj\stm32f30x_rcc.o
 .text.RCC_ITConfig
                0x00000000       0x48 ..\obj\stm32f30x_rcc.o
 .text.RCC_GetFlagStatus
                0x00000000       0x84 ..\obj\stm32f30x_rcc.o
 .text.RCC_ClearFlag
                0x00000000       0x1c ..\obj\stm32f30x_rcc.o
 .text.RCC_GetITStatus
                0x00000000       0x38 ..\obj\stm32f30x_rcc.o
 .text.RCC_ClearITPendingBit
                0x00000000       0x20 ..\obj\stm32f30x_rcc.o
 .text          0x00000000        0x0 ..\obj\stm32f3_discovery_lsm303dlhc.o
 .bss           0x00000000        0x0 ..\obj\stm32f3_discovery_lsm303dlhc.o
 .text.LSM303DLHC_AccRebootCmd
                0x00000000       0x30 ..\obj\stm32f3_discovery_lsm303dlhc.o
 .text.LSM303DLHC_AccFilterConfig
                0x00000000       0x5c ..\obj\stm32f3_discovery_lsm303dlhc.o
 .text.LSM303DLHC_AccFilterCmd
                0x00000000       0x44 ..\obj\stm32f3_discovery_lsm303dlhc.o
 .text.LSM303DLHC_AccFilterClickCmd
                0x00000000       0x44 ..\obj\stm32f3_discovery_lsm303dlhc.o
 .text.LSM303DLHC_AccIT1Config
                0x00000000       0x64 ..\obj\stm32f3_discovery_lsm303dlhc.o
 .text.LSM303DLHC_AccIT2Config
                0x00000000       0x64 ..\obj\stm32f3_discovery_lsm303dlhc.o
 .text.LSM303DLHC_AccINT1InterruptConfig
                0x00000000       0x5c ..\obj\stm32f3_discovery_lsm303dlhc.o
 .text.LSM303DLHC_AccINT2InterruptConfig
                0x00000000       0x5c ..\obj\stm32f3_discovery_lsm303dlhc.o
 .text.LSM303DLHC_AccClickITConfig
                0x00000000       0x4c ..\obj\stm32f3_discovery_lsm303dlhc.o
 .text.LSM303DLHC_AccGetDataStatus
                0x00000000       0x20 ..\obj\stm32f3_discovery_lsm303dlhc.o
 .text.LSM303DLHC_MagInit
                0x00000000       0x74 ..\obj\stm32f3_discovery_lsm303dlhc.o
 .text.LSM303DLHC_MagGetDataStatus
                0x00000000       0x20 ..\obj\stm32f3_discovery_lsm303dlhc.o
 .text.LSM303DLHC_Read
                0x00000000      0x18c ..\obj\stm32f3_discovery_lsm303dlhc.o
 .text          0x00000000        0x0 ..\obj\stm32f30x_adc.o
 .data          0x00000000        0x0 ..\obj\stm32f30x_adc.o
 .bss           0x00000000        0x0 ..\obj\stm32f30x_adc.o
 .text.ADC_DeInit
                0x00000000       0x64 ..\obj\stm32f30x_adc.o
 .text.ADC_StructInit
                0x00000000       0x44 ..\obj\stm32f30x_adc.o
 .text.ADC_InjectedInit
                0x00000000       0x60 ..\obj\stm32f30x_adc.o
 .text.ADC_InjectedStructInit
                0x00000000       0x3c ..\obj\stm32f30x_adc.o
 .text.ADC_CommonStructInit
                0x00000000       0x30 ..\obj\stm32f30x_adc.o
 .text.ADC_GetCalibrationValue
                0x00000000       0x1c ..\obj\stm32f30x_adc.o
 .text.ADC_SetCalibrationValue
                0x00000000       0x1c ..\obj\stm32f30x_adc.o
 .text.ADC_DisableCmd
                0x00000000       0x20 ..\obj\stm32f30x_adc.o
 .text.ADC_GetDisableCmdStatus
                0x00000000       0x30 ..\obj\stm32f30x_adc.o
 .text.ADC_SelectDifferentialMode
                0x00000000       0x50 ..\obj\stm32f30x_adc.o
 .text.ADC_SelectQueueOfContextMode
                0x00000000       0x38 ..\obj\stm32f30x_adc.o
 .text.ADC_AutoDelayCmd
                0x00000000       0x38 ..\obj\stm32f30x_adc.o
 .text.ADC_AnalogWatchdogCmd
                0x00000000       0x34 ..\obj\stm32f30x_adc.o
 .text.ADC_AnalogWatchdog1ThresholdsConfig
                0x00000000       0x54 ..\obj\stm32f30x_adc.o
 .text.ADC_AnalogWatchdog2ThresholdsConfig
                0x00000000       0x4c ..\obj\stm32f30x_adc.o
 .text.ADC_AnalogWatchdog3ThresholdsConfig
                0x00000000       0x4c ..\obj\stm32f30x_adc.o
 .text.ADC_AnalogWatchdog1SingleChannelConfig
                0x00000000       0x38 ..\obj\stm32f30x_adc.o
 .text.ADC_AnalogWatchdog2SingleChannelConfig
                0x00000000       0x4c ..\obj\stm32f30x_adc.o
 .text.ADC_AnalogWatchdog3SingleChannelConfig
                0x00000000       0x4c ..\obj\stm32f30x_adc.o
 .text.ADC_TempSensorCmd
                0x00000000       0x74 ..\obj\stm32f30x_adc.o
 .text.ADC_VrefintCmd
                0x00000000       0x74 ..\obj\stm32f30x_adc.o
 .text.ADC_VbatCmd
                0x00000000       0x74 ..\obj\stm32f30x_adc.o
 .text.ADC_RegularChannelSequencerLengthConfig
                0x00000000       0x30 ..\obj\stm32f30x_adc.o
 .text.ADC_ExternalTriggerConfig
                0x00000000       0x38 ..\obj\stm32f30x_adc.o
 .text.ADC_GetStartConversionStatus
                0x00000000       0x30 ..\obj\stm32f30x_adc.o
 .text.ADC_StopConversion
                0x00000000       0x20 ..\obj\stm32f30x_adc.o
 .text.ADC_DiscModeChannelCountConfig
                0x00000000       0x44 ..\obj\stm32f30x_adc.o
 .text.ADC_DiscModeCmd
                0x00000000       0x38 ..\obj\stm32f30x_adc.o
 .text.ADC_GetDualModeConversionValue
                0x00000000       0x44 ..\obj\stm32f30x_adc.o
 .text.ADC_SetChannelOffset1
                0x00000000       0x50 ..\obj\stm32f30x_adc.o
 .text.ADC_SetChannelOffset2
                0x00000000       0x50 ..\obj\stm32f30x_adc.o
 .text.ADC_SetChannelOffset3
                0x00000000       0x50 ..\obj\stm32f30x_adc.o
 .text.ADC_SetChannelOffset4
                0x00000000       0x50 ..\obj\stm32f30x_adc.o
 .text.ADC_ChannelOffset1Cmd
                0x00000000       0x38 ..\obj\stm32f30x_adc.o
 .text.ADC_ChannelOffset2Cmd
                0x00000000       0x38 ..\obj\stm32f30x_adc.o
 .text.ADC_ChannelOffset3Cmd
                0x00000000       0x38 ..\obj\stm32f30x_adc.o
 .text.ADC_ChannelOffset4Cmd
                0x00000000       0x38 ..\obj\stm32f30x_adc.o
 .text.ADC_DMACmd
                0x00000000       0x38 ..\obj\stm32f30x_adc.o
 .text.ADC_DMAConfig
                0x00000000       0x2c ..\obj\stm32f30x_adc.o
 .text.ADC_InjectedChannelSampleTimeConfig
                0x00000000       0xa0 ..\obj\stm32f30x_adc.o
 .text.ADC_StartInjectedConversion
                0x00000000       0x20 ..\obj\stm32f30x_adc.o
 .text.ADC_StopInjectedConversion
                0x00000000       0x20 ..\obj\stm32f30x_adc.o
 .text.ADC_GetStartInjectedConversionStatus
                0x00000000       0x30 ..\obj\stm32f30x_adc.o
 .text.ADC_AutoInjectedConvCmd
                0x00000000       0x38 ..\obj\stm32f30x_adc.o
 .text.ADC_InjectedDiscModeCmd
                0x00000000       0x38 ..\obj\stm32f30x_adc.o
 .text.ADC_GetInjectedConversionValue
                0x00000000       0x38 ..\obj\stm32f30x_adc.o
 .text.ADC_GetCommonFlagStatus
                0x00000000       0x60 ..\obj\stm32f30x_adc.o
 .text.ADC_ClearCommonFlag
                0x00000000       0x4c ..\obj\stm32f30x_adc.o
 .text.ADC_GetITStatus
                0x00000000       0x58 ..\obj\stm32f30x_adc.o
 .text.ADC_ClearITPendingBit
                0x00000000       0x20 ..\obj\stm32f30x_adc.o
 .text          0x00000000        0x0 ..\obj\stm32f30x_gpio.o
 .data          0x00000000        0x0 ..\obj\stm32f30x_gpio.o
 .bss           0x00000000        0x0 ..\obj\stm32f30x_gpio.o
 .text.GPIO_DeInit
                0x00000000       0xd4 ..\obj\stm32f30x_gpio.o
 .text.GPIO_StructInit
                0x00000000       0x34 ..\obj\stm32f30x_gpio.o
 .text.GPIO_PinLockConfig
                0x00000000       0x44 ..\obj\stm32f30x_gpio.o
 .text.GPIO_ReadInputDataBit
                0x00000000       0x38 ..\obj\stm32f30x_gpio.o
 .text.GPIO_ReadInputData
                0x00000000       0x1c ..\obj\stm32f30x_gpio.o
 .text.GPIO_ReadOutputDataBit
                0x00000000       0x38 ..\obj\stm32f30x_gpio.o
 .text.GPIO_ReadOutputData
                0x00000000       0x1c ..\obj\stm32f30x_gpio.o
 .text.GPIO_SetBits
                0x00000000       0x1c ..\obj\stm32f30x_gpio.o
 .text.GPIO_ResetBits
                0x00000000       0x1c ..\obj\stm32f30x_gpio.o
 .text.GPIO_WriteBit
                0x00000000       0x30 ..\obj\stm32f30x_gpio.o
 .text.GPIO_Write
                0x00000000       0x1c ..\obj\stm32f30x_gpio.o
 .text          0x00000000        0x0 ..\obj\GPIO_metoder.o
 .data          0x00000000        0x0 ..\obj\GPIO_metoder.o
 .bss           0x00000000        0x0 ..\obj\GPIO_metoder.o
 .text          0x00000000        0x0 ..\obj\main.o
 .data          0x00000000        0x0 ..\obj\main.o
 .bss           0x00000000        0x8 ..\obj\main.o
 .text          0x00000000        0x0 ..\obj\init.o
 .data          0x00000000        0x0 ..\obj\init.o
 .bss           0x00000000        0x0 ..\obj\init.o
 .text          0x00000000        0x0 ..\obj\can_metoder.o
 .data          0x00000000        0x0 ..\obj\can_metoder.o
 .text.CAN_transmitByte
                0x00000000       0x78 ..\obj\can_metoder.o
 .text.CAN_transmitAcceleration
                0x00000000       0x98 ..\obj\can_metoder.o
 .text          0x00000000        0x0 ..\obj\stm32f30x_exti.o
 .data          0x00000000        0x0 ..\obj\stm32f30x_exti.o
 .bss           0x00000000        0x0 ..\obj\stm32f30x_exti.o
 .text.EXTI_DeInit
                0x00000000       0x5c ..\obj\stm32f30x_exti.o
 .text.EXTI_StructInit
                0x00000000       0x2c ..\obj\stm32f30x_exti.o
 .text.EXTI_GenerateSWInterrupt
                0x00000000       0x40 ..\obj\stm32f30x_exti.o
 .text.EXTI_GetFlagStatus
                0x00000000       0x48 ..\obj\stm32f30x_exti.o
 .text.EXTI_ClearFlag
                0x00000000       0x30 ..\obj\stm32f30x_exti.o
 .text.EXTI_GetITStatus
                0x00000000       0x70 ..\obj\stm32f30x_exti.o
 .text.EXTI_ClearITPendingBit
                0x00000000       0x30 ..\obj\stm32f30x_exti.o
 .text          0x00000000        0x0 ..\obj\stm32f30x_spi.o
 .data          0x00000000        0x0 ..\obj\stm32f30x_spi.o
 .bss           0x00000000        0x0 ..\obj\stm32f30x_spi.o
 .text.SPI_I2S_DeInit
                0x00000000       0x74 ..\obj\stm32f30x_spi.o
 .text.SPI_StructInit
                0x00000000       0x4c ..\obj\stm32f30x_spi.o
 .text.SPI_Init
                0x00000000      0x114 ..\obj\stm32f30x_spi.o
 .text.I2S_StructInit
                0x00000000       0x38 ..\obj\stm32f30x_spi.o
 .text.I2S_Init
                0x00000000      0x178 ..\obj\stm32f30x_spi.o
 .text.SPI_Cmd  0x00000000       0x40 ..\obj\stm32f30x_spi.o
 .text.SPI_TIModeCmd
                0x00000000       0x40 ..\obj\stm32f30x_spi.o
 .text.I2S_Cmd  0x00000000       0x40 ..\obj\stm32f30x_spi.o
 .text.SPI_DataSizeConfig
                0x00000000       0x38 ..\obj\stm32f30x_spi.o
 .text.SPI_RxFIFOThresholdConfig
                0x00000000       0x38 ..\obj\stm32f30x_spi.o
 .text.SPI_BiDirectionalLineConfig
                0x00000000       0x40 ..\obj\stm32f30x_spi.o
 .text.SPI_NSSInternalSoftwareConfig
                0x00000000       0x44 ..\obj\stm32f30x_spi.o
 .text.I2S_FullDuplexConfig
                0x00000000       0x9c ..\obj\stm32f30x_spi.o
 .text.SPI_SSOutputCmd
                0x00000000       0x40 ..\obj\stm32f30x_spi.o
 .text.SPI_NSSPulseModeCmd
                0x00000000       0x40 ..\obj\stm32f30x_spi.o
 .text.SPI_SendData8
                0x00000000       0x2c ..\obj\stm32f30x_spi.o
 .text.SPI_I2S_SendData16
                0x00000000       0x1c ..\obj\stm32f30x_spi.o
 .text.SPI_ReceiveData8
                0x00000000       0x28 ..\obj\stm32f30x_spi.o
 .text.SPI_I2S_ReceiveData16
                0x00000000       0x1c ..\obj\stm32f30x_spi.o
 .text.SPI_CRCLengthConfig
                0x00000000       0x38 ..\obj\stm32f30x_spi.o
 .text.SPI_CalculateCRC
                0x00000000       0x40 ..\obj\stm32f30x_spi.o
 .text.SPI_TransmitCRC
                0x00000000       0x24 ..\obj\stm32f30x_spi.o
 .text.SPI_GetCRC
                0x00000000       0x34 ..\obj\stm32f30x_spi.o
 .text.SPI_GetCRCPolynomial
                0x00000000       0x1c ..\obj\stm32f30x_spi.o
 .text.SPI_I2S_DMACmd
                0x00000000       0x48 ..\obj\stm32f30x_spi.o
 .text.SPI_LastDMATransferCmd
                0x00000000       0x38 ..\obj\stm32f30x_spi.o
 .text.SPI_I2S_ITConfig
                0x00000000       0x60 ..\obj\stm32f30x_spi.o
 .text.SPI_GetTransmissionFIFOStatus
                0x00000000       0x20 ..\obj\stm32f30x_spi.o
 .text.SPI_GetReceptionFIFOStatus
                0x00000000       0x20 ..\obj\stm32f30x_spi.o
 .text.SPI_I2S_GetFlagStatus
                0x00000000       0x38 ..\obj\stm32f30x_spi.o
 .text.SPI_I2S_ClearFlag
                0x00000000       0x20 ..\obj\stm32f30x_spi.o
 .text.SPI_I2S_GetITStatus
                0x00000000       0x78 ..\obj\stm32f30x_spi.o
 .debug_info    0x00000000      0xb72 ..\obj\stm32f30x_spi.o
 .debug_abbrev  0x00000000      0x189 ..\obj\stm32f30x_spi.o
 .debug_aranges
                0x00000000      0x118 ..\obj\stm32f30x_spi.o
 .debug_ranges  0x00000000      0x108 ..\obj\stm32f30x_spi.o
 .debug_line    0x00000000      0x56f ..\obj\stm32f30x_spi.o
 .debug_str     0x00000000      0x7eb ..\obj\stm32f30x_spi.o
 .comment       0x00000000       0x71 ..\obj\stm32f30x_spi.o
 .ARM.attributes
                0x00000000       0x33 ..\obj\stm32f30x_spi.o
 .debug_frame   0x00000000      0x398 ..\obj\stm32f30x_spi.o
 .text          0x00000000        0x0 ..\obj\stm32f30x_i2c.o
 .data          0x00000000        0x0 ..\obj\stm32f30x_i2c.o
 .bss           0x00000000        0x0 ..\obj\stm32f30x_i2c.o
 .text.I2C_DeInit
                0x00000000       0x44 ..\obj\stm32f30x_i2c.o
 .text.I2C_StructInit
                0x00000000       0x40 ..\obj\stm32f30x_i2c.o
 .text.I2C_SoftwareResetCmd
                0x00000000       0x30 ..\obj\stm32f30x_i2c.o
 .text.I2C_ITConfig
                0x00000000       0x3c ..\obj\stm32f30x_i2c.o
 .text.I2C_StretchClockCmd
                0x00000000       0x38 ..\obj\stm32f30x_i2c.o
 .text.I2C_StopModeCmd
                0x00000000       0x38 ..\obj\stm32f30x_i2c.o
 .text.I2C_DualAddressCmd
                0x00000000       0x38 ..\obj\stm32f30x_i2c.o
 .text.I2C_OwnAddress2Config
                0x00000000       0x4c ..\obj\stm32f30x_i2c.o
 .text.I2C_GeneralCallCmd
                0x00000000       0x38 ..\obj\stm32f30x_i2c.o
 .text.I2C_SlaveByteControlCmd
                0x00000000       0x38 ..\obj\stm32f30x_i2c.o
 .text.I2C_SlaveAddressConfig
                0x00000000       0x40 ..\obj\stm32f30x_i2c.o
 .text.I2C_10BitAddressingModeCmd
                0x00000000       0x38 ..\obj\stm32f30x_i2c.o
 .text.I2C_AutoEndCmd
                0x00000000       0x38 ..\obj\stm32f30x_i2c.o
 .text.I2C_ReloadCmd
                0x00000000       0x38 ..\obj\stm32f30x_i2c.o
 .text.I2C_NumberOfBytesConfig
                0x00000000       0x3c ..\obj\stm32f30x_i2c.o
 .text.I2C_MasterRequestConfig
                0x00000000       0x38 ..\obj\stm32f30x_i2c.o
 .text.I2C_GenerateSTART
                0x00000000       0x38 ..\obj\stm32f30x_i2c.o
 .text.I2C_GenerateSTOP
                0x00000000       0x38 ..\obj\stm32f30x_i2c.o
 .text.I2C_10BitAddressHeaderCmd
                0x00000000       0x38 ..\obj\stm32f30x_i2c.o
 .text.I2C_AcknowledgeConfig
                0x00000000       0x38 ..\obj\stm32f30x_i2c.o
 .text.I2C_GetAddressMatched
                0x00000000       0x20 ..\obj\stm32f30x_i2c.o
 .text.I2C_GetTransferDirection
                0x00000000       0x3c ..\obj\stm32f30x_i2c.o
 .text.I2C_SMBusAlertCmd
                0x00000000       0x38 ..\obj\stm32f30x_i2c.o
 .text.I2C_ClockTimeoutCmd
                0x00000000       0x38 ..\obj\stm32f30x_i2c.o
 .text.I2C_ExtendedClockTimeoutCmd
                0x00000000       0x38 ..\obj\stm32f30x_i2c.o
 .text.I2C_IdleClockTimeoutCmd
                0x00000000       0x38 ..\obj\stm32f30x_i2c.o
 .text.I2C_TimeoutAConfig
                0x00000000       0x40 ..\obj\stm32f30x_i2c.o
 .text.I2C_TimeoutBConfig
                0x00000000       0x44 ..\obj\stm32f30x_i2c.o
 .text.I2C_CalculatePEC
                0x00000000       0x38 ..\obj\stm32f30x_i2c.o
 .text.I2C_PECRequestCmd
                0x00000000       0x38 ..\obj\stm32f30x_i2c.o
 .text.I2C_GetPEC
                0x00000000       0x1c ..\obj\stm32f30x_i2c.o
 .text.I2C_ReadRegister
                0x00000000       0x2c ..\obj\stm32f30x_i2c.o
 .text.I2C_ReceiveData
                0x00000000       0x1c ..\obj\stm32f30x_i2c.o
 .text.I2C_DMACmd
                0x00000000       0x3c ..\obj\stm32f30x_i2c.o
 .text.I2C_GetITStatus
                0x00000000       0x80 ..\obj\stm32f30x_i2c.o
 .text.I2C_ClearITPendingBit
                0x00000000       0x1c ..\obj\stm32f30x_i2c.o
 .text          0x00000000        0x0 ..\obj\akselerometer_metoder.o
 .data          0x00000000        0x1 ..\obj\akselerometer_metoder.o
 .bss           0x00000000        0x1 ..\obj\akselerometer_metoder.o
 .text.accelerometer_readValue
                0x00000000       0x58 ..\obj\akselerometer_metoder.o
 .text.accelerometer_getData
                0x00000000       0x70 ..\obj\akselerometer_metoder.o
 COMMON         0x00000000        0x6 ..\obj\akselerometer_metoder.o
 .text          0x00000000        0x0 ..\obj\system_stm32f30x_temp.o
 .data          0x00000000       0x14 ..\obj\system_stm32f30x_temp.o
 .bss           0x00000000        0x0 ..\obj\system_stm32f30x_temp.o
 .text.SystemCoreClockUpdate1
                0x00000000       0xd4 ..\obj\system_stm32f30x_temp.o
 .text          0x00000000        0x0 ..\obj\stm32f30x_misc.o
 .data          0x00000000        0x0 ..\obj\stm32f30x_misc.o
 .bss           0x00000000        0x0 ..\obj\stm32f30x_misc.o
 .text.NVIC_PriorityGroupConfig
                0x00000000       0x24 ..\obj\stm32f30x_misc.o
 .text.NVIC_SetVectorTable
                0x00000000       0x2c ..\obj\stm32f30x_misc.o
 .text.NVIC_SystemLPConfig
                0x00000000       0x40 ..\obj\stm32f30x_misc.o
 .text.SysTick_CLKSourceConfig
                0x00000000       0x38 ..\obj\stm32f30x_misc.o
 .text          0x00000000        0x0 ..\obj\stm32f30x_tim.o
 .data          0x00000000        0x0 ..\obj\stm32f30x_tim.o
 .bss           0x00000000        0x0 ..\obj\stm32f30x_tim.o
 .text.TIM_DeInit
                0x00000000      0x148 ..\obj\stm32f30x_tim.o
 .text.TIM_TimeBaseStructInit
                0x00000000       0x34 ..\obj\stm32f30x_tim.o
 .text.TIM_PrescalerConfig
                0x00000000       0x28 ..\obj\stm32f30x_tim.o
 .text.TIM_CounterModeConfig
                0x00000000       0x38 ..\obj\stm32f30x_tim.o
 .text.TIM_SetCounter
                0x00000000       0x1c ..\obj\stm32f30x_tim.o
 .text.TIM_SetAutoreload
                0x00000000       0x1c ..\obj\stm32f30x_tim.o
 .text.TIM_GetCounter
                0x00000000       0x18 ..\obj\stm32f30x_tim.o
 .text.TIM_GetPrescaler
                0x00000000       0x1c ..\obj\stm32f30x_tim.o
 .text.TIM_UpdateDisableConfig
                0x00000000       0x40 ..\obj\stm32f30x_tim.o
 .text.TIM_UpdateRequestConfig
                0x00000000       0x40 ..\obj\stm32f30x_tim.o
 .text.TIM_UIFRemap
                0x00000000       0x40 ..\obj\stm32f30x_tim.o
 .text.TIM_ARRPreloadConfig
                0x00000000       0x40 ..\obj\stm32f30x_tim.o
 .text.TIM_SelectOnePulseMode
                0x00000000       0x38 ..\obj\stm32f30x_tim.o
 .text.TIM_SetClockDivision
                0x00000000       0x38 ..\obj\stm32f30x_tim.o
 .text.TIM_OC2Init
                0x00000000      0x100 ..\obj\stm32f30x_tim.o
 .text.TIM_OC3Init
                0x00000000       0xfc ..\obj\stm32f30x_tim.o
 .text.TIM_OC4Init
                0x00000000       0xc0 ..\obj\stm32f30x_tim.o
 .text.TIM_OC5Init
                0x00000000       0xb8 ..\obj\stm32f30x_tim.o
 .text.TIM_OC6Init
                0x00000000       0xac ..\obj\stm32f30x_tim.o
 .text.TIM_SelectGC5C1
                0x00000000       0x38 ..\obj\stm32f30x_tim.o
 .text.TIM_SelectGC5C2
                0x00000000       0x38 ..\obj\stm32f30x_tim.o
 .text.TIM_SelectGC5C3
                0x00000000       0x38 ..\obj\stm32f30x_tim.o
 .text.TIM_OCStructInit
                0x00000000       0x44 ..\obj\stm32f30x_tim.o
 .text.TIM_SelectOCxM
                0x00000000       0xa8 ..\obj\stm32f30x_tim.o
 .text.TIM_SetCompare1
                0x00000000       0x1c ..\obj\stm32f30x_tim.o
 .text.TIM_SetCompare2
                0x00000000       0x1c ..\obj\stm32f30x_tim.o
 .text.TIM_SetCompare3
                0x00000000       0x1c ..\obj\stm32f30x_tim.o
 .text.TIM_SetCompare4
                0x00000000       0x1c ..\obj\stm32f30x_tim.o
 .text.TIM_SetCompare5
                0x00000000       0x1c ..\obj\stm32f30x_tim.o
 .text.TIM_SetCompare6
                0x00000000       0x1c ..\obj\stm32f30x_tim.o
 .text.TIM_ForcedOC1Config
                0x00000000       0x3c ..\obj\stm32f30x_tim.o
 .text.TIM_ForcedOC2Config
                0x00000000       0x3c ..\obj\stm32f30x_tim.o
 .text.TIM_ForcedOC3Config
                0x00000000       0x38 ..\obj\stm32f30x_tim.o
 .text.TIM_ForcedOC4Config
                0x00000000       0x38 ..\obj\stm32f30x_tim.o
 .text.TIM_ForcedOC5Config
                0x00000000       0x38 ..\obj\stm32f30x_tim.o
 .text.TIM_ForcedOC6Config
                0x00000000       0x38 ..\obj\stm32f30x_tim.o
 .text.TIM_OC1PreloadConfig
                0x00000000       0x38 ..\obj\stm32f30x_tim.o
 .text.TIM_OC2PreloadConfig
                0x00000000       0x38 ..\obj\stm32f30x_tim.o
 .text.TIM_OC3PreloadConfig
                0x00000000       0x38 ..\obj\stm32f30x_tim.o
 .text.TIM_OC4PreloadConfig
                0x00000000       0x38 ..\obj\stm32f30x_tim.o
 .text.TIM_OC5PreloadConfig
                0x00000000       0x38 ..\obj\stm32f30x_tim.o
 .text.TIM_OC6PreloadConfig
                0x00000000       0x38 ..\obj\stm32f30x_tim.o
 .text.TIM_OC1FastConfig
                0x00000000       0x38 ..\obj\stm32f30x_tim.o
 .text.TIM_OC2FastConfig
                0x00000000       0x38 ..\obj\stm32f30x_tim.o
 .text.TIM_OC3FastConfig
                0x00000000       0x38 ..\obj\stm32f30x_tim.o
 .text.TIM_OC4FastConfig
                0x00000000       0x38 ..\obj\stm32f30x_tim.o
 .text.TIM_ClearOC1Ref
                0x00000000       0x38 ..\obj\stm32f30x_tim.o
 .text.TIM_ClearOC2Ref
                0x00000000       0x38 ..\obj\stm32f30x_tim.o
 .text.TIM_ClearOC3Ref
                0x00000000       0x38 ..\obj\stm32f30x_tim.o
 .text.TIM_ClearOC4Ref
                0x00000000       0x38 ..\obj\stm32f30x_tim.o
 .text.TIM_ClearOC5Ref
                0x00000000       0x38 ..\obj\stm32f30x_tim.o
 .text.TIM_ClearOC6Ref
                0x00000000       0x38 ..\obj\stm32f30x_tim.o
 .text.TIM_SelectOCREFClear
                0x00000000       0x30 ..\obj\stm32f30x_tim.o
 .text.TIM_OC1PolarityConfig
                0x00000000       0x38 ..\obj\stm32f30x_tim.o
 .text.TIM_OC1NPolarityConfig
                0x00000000       0x38 ..\obj\stm32f30x_tim.o
 .text.TIM_OC2PolarityConfig
                0x00000000       0x38 ..\obj\stm32f30x_tim.o
 .text.TIM_OC2NPolarityConfig
                0x00000000       0x38 ..\obj\stm32f30x_tim.o
 .text.TIM_OC3PolarityConfig
                0x00000000       0x38 ..\obj\stm32f30x_tim.o
 .text.TIM_OC3NPolarityConfig
                0x00000000       0x38 ..\obj\stm32f30x_tim.o
 .text.TIM_OC4PolarityConfig
                0x00000000       0x38 ..\obj\stm32f30x_tim.o
 .text.TIM_OC5PolarityConfig
                0x00000000       0x38 ..\obj\stm32f30x_tim.o
 .text.TIM_OC6PolarityConfig
                0x00000000       0x38 ..\obj\stm32f30x_tim.o
 .text.TIM_CCxCmd
                0x00000000       0x48 ..\obj\stm32f30x_tim.o
 .text.TIM_CCxNCmd
                0x00000000       0x48 ..\obj\stm32f30x_tim.o
 .text.TIM_ICInit
                0x00000000       0xa8 ..\obj\stm32f30x_tim.o
 .text.TIM_ICStructInit
                0x00000000       0x30 ..\obj\stm32f30x_tim.o
 .text.TIM_PWMIConfig
                0x00000000       0xb8 ..\obj\stm32f30x_tim.o
 .text.TIM_GetCapture1
                0x00000000       0x18 ..\obj\stm32f30x_tim.o
 .text.TIM_GetCapture2
                0x00000000       0x18 ..\obj\stm32f30x_tim.o
 .text.TIM_GetCapture3
                0x00000000       0x18 ..\obj\stm32f30x_tim.o
 .text.TIM_GetCapture4
                0x00000000       0x18 ..\obj\stm32f30x_tim.o
 .text.TIM_SetIC1Prescaler
                0x00000000       0x30 ..\obj\stm32f30x_tim.o
 .text.TIM_SetIC2Prescaler
                0x00000000       0x30 ..\obj\stm32f30x_tim.o
 .text.TIM_SetIC3Prescaler
                0x00000000       0x30 ..\obj\stm32f30x_tim.o
 .text.TIM_SetIC4Prescaler
                0x00000000       0x34 ..\obj\stm32f30x_tim.o
 .text.TIM_BDTRConfig
                0x00000000       0x50 ..\obj\stm32f30x_tim.o
 .text.TIM_Break1Config
                0x00000000       0x38 ..\obj\stm32f30x_tim.o
 .text.TIM_Break2Config
                0x00000000       0x38 ..\obj\stm32f30x_tim.o
 .text.TIM_Break1Cmd
                0x00000000       0x38 ..\obj\stm32f30x_tim.o
 .text.TIM_Break2Cmd
                0x00000000       0x38 ..\obj\stm32f30x_tim.o
 .text.TIM_BDTRStructInit
                0x00000000       0x3c ..\obj\stm32f30x_tim.o
 .text.TIM_CtrlPWMOutputs
                0x00000000       0x38 ..\obj\stm32f30x_tim.o
 .text.TIM_SelectCOM
                0x00000000       0x38 ..\obj\stm32f30x_tim.o
 .text.TIM_CCPreloadControl
                0x00000000       0x38 ..\obj\stm32f30x_tim.o
 .text.TIM_ITConfig
                0x00000000       0x40 ..\obj\stm32f30x_tim.o
 .text.TIM_GenerateEvent
                0x00000000       0x1c ..\obj\stm32f30x_tim.o
 .text.TIM_GetFlagStatus
                0x00000000       0x34 ..\obj\stm32f30x_tim.o
 .text.TIM_ClearFlag
                0x00000000       0x24 ..\obj\stm32f30x_tim.o
 .text.TIM_GetITStatus
                0x00000000       0x54 ..\obj\stm32f30x_tim.o
 .text.TIM_ClearITPendingBit
                0x00000000       0x24 ..\obj\stm32f30x_tim.o
 .text.TIM_DMAConfig
                0x00000000       0x28 ..\obj\stm32f30x_tim.o
 .text.TIM_DMACmd
                0x00000000       0x40 ..\obj\stm32f30x_tim.o
 .text.TIM_SelectCCDMA
                0x00000000       0x38 ..\obj\stm32f30x_tim.o
 .text.TIM_InternalClockConfig
                0x00000000       0x20 ..\obj\stm32f30x_tim.o
 .text.TIM_ITRxExternalClockConfig
                0x00000000       0x28 ..\obj\stm32f30x_tim.o
 .text.TIM_TIxExternalClockConfig
                0x00000000       0x50 ..\obj\stm32f30x_tim.o
 .text.TIM_ETRClockMode1Config
                0x00000000       0x50 ..\obj\stm32f30x_tim.o
 .text.TIM_ETRClockMode2Config
                0x00000000       0x2c ..\obj\stm32f30x_tim.o
 .text.TIM_SelectInputTrigger
                0x00000000       0x38 ..\obj\stm32f30x_tim.o
 .text.TIM_SelectOutputTrigger2
                0x00000000       0x2c ..\obj\stm32f30x_tim.o
 .text.TIM_SelectSlaveMode
                0x00000000       0x30 ..\obj\stm32f30x_tim.o
 .text.TIM_SelectMasterSlaveMode
                0x00000000       0x30 ..\obj\stm32f30x_tim.o
 .text.TIM_ETRConfig
                0x00000000       0x48 ..\obj\stm32f30x_tim.o
 .text.TIM_EncoderInterfaceConfig
                0x00000000       0x8c ..\obj\stm32f30x_tim.o
 .text.TIM_SelectHallSensor
                0x00000000       0x38 ..\obj\stm32f30x_tim.o
 .text.TIM_RemapConfig
                0x00000000       0x20 ..\obj\stm32f30x_tim.o
 .text.TI1_Config
                0x00000000       0x70 ..\obj\stm32f30x_tim.o
 .text.TI2_Config
                0x00000000       0x88 ..\obj\stm32f30x_tim.o
 .text.TI3_Config
                0x00000000       0x80 ..\obj\stm32f30x_tim.o
 .text.TI4_Config
                0x00000000       0x90 ..\obj\stm32f30x_tim.o
 .text          0x00000000        0x0 ..\obj\stm32f3_discovery_l3gd20.o
 .data          0x00000000        0x4 ..\obj\stm32f3_discovery_l3gd20.o
 .bss           0x00000000        0x0 ..\obj\stm32f3_discovery_l3gd20.o
 .text.L3GD20_Init
                0x00000000       0x78 ..\obj\stm32f3_discovery_l3gd20.o
 .text.L3GD20_RebootCmd
                0x00000000       0x30 ..\obj\stm32f3_discovery_l3gd20.o
 .text.L3GD20_INT1InterruptConfig
                0x00000000       0x84 ..\obj\stm32f3_discovery_l3gd20.o
 .text.L3GD20_INT1InterruptCmd
                0x00000000       0x40 ..\obj\stm32f3_discovery_l3gd20.o
 .text.L3GD20_INT2InterruptCmd
                0x00000000       0x40 ..\obj\stm32f3_discovery_l3gd20.o
 .text.L3GD20_FilterConfig
                0x00000000       0x48 ..\obj\stm32f3_discovery_l3gd20.o
 .text.L3GD20_FilterCmd
                0x00000000       0x40 ..\obj\stm32f3_discovery_l3gd20.o
 .text.L3GD20_GetDataStatus
                0x00000000       0x1c ..\obj\stm32f3_discovery_l3gd20.o
 .text.L3GD20_Write
                0x00000000       0x60 ..\obj\stm32f3_discovery_l3gd20.o
 .text.L3GD20_Read
                0x00000000       0x6c ..\obj\stm32f3_discovery_l3gd20.o
 .text.L3GD20_LowLevel_Init
                0x00000000      0x150 ..\obj\stm32f3_discovery_l3gd20.o
 .text.L3GD20_SendByte
                0x00000000       0x8c ..\obj\stm32f3_discovery_l3gd20.o
 .debug_info    0x00000000      0x7c7 ..\obj\stm32f3_discovery_l3gd20.o
 .debug_abbrev  0x00000000      0x1b7 ..\obj\stm32f3_discovery_l3gd20.o
 .debug_aranges
                0x00000000       0x78 ..\obj\stm32f3_discovery_l3gd20.o
 .debug_ranges  0x00000000       0x68 ..\obj\stm32f3_discovery_l3gd20.o
 .debug_line    0x00000000      0x406 ..\obj\stm32f3_discovery_l3gd20.o
 .debug_str     0x00000000      0x74b ..\obj\stm32f3_discovery_l3gd20.o
 .comment       0x00000000       0x71 ..\obj\stm32f3_discovery_l3gd20.o
 .ARM.attributes
                0x00000000       0x33 ..\obj\stm32f3_discovery_l3gd20.o
 .debug_frame   0x00000000      0x190 ..\obj\stm32f3_discovery_l3gd20.o
 .text          0x00000000       0x14 ..\obj\startup_stm32f30x.o
 .data          0x00000000        0x0 ..\obj\startup_stm32f30x.o
 .bss           0x00000000        0x0 ..\obj\startup_stm32f30x.o
 .text          0x00000000        0x0 ..\obj\stm32f30x_syscfg.o
 .data          0x00000000        0x0 ..\obj\stm32f30x_syscfg.o
 .bss           0x00000000        0x0 ..\obj\stm32f30x_syscfg.o
 .text.SYSCFG_DeInit
                0x00000000       0x4c ..\obj\stm32f30x_syscfg.o
 .text.SYSCFG_MemoryRemapConfig
                0x00000000       0x38 ..\obj\stm32f30x_syscfg.o
 .text.SYSCFG_DMAChannelRemapConfig
                0x00000000       0x3c ..\obj\stm32f30x_syscfg.o
 .text.SYSCFG_TriggerRemapConfig
                0x00000000       0x3c ..\obj\stm32f30x_syscfg.o
 .text.SYSCFG_EncoderRemapConfig
                0x00000000       0x30 ..\obj\stm32f30x_syscfg.o
 .text.SYSCFG_USBInterruptLineRemapCmd
                0x00000000       0x20 ..\obj\stm32f30x_syscfg.o
 .text.SYSCFG_I2CFastModePlusConfig
                0x00000000       0x3c ..\obj\stm32f30x_syscfg.o
 .text.SYSCFG_ITConfig
                0x00000000       0x3c ..\obj\stm32f30x_syscfg.o
 .text.SYSCFG_BreakConfig
                0x00000000       0x24 ..\obj\stm32f30x_syscfg.o
 .text.SYSCFG_BypassParityCheckDisable
                0x00000000       0x18 ..\obj\stm32f30x_syscfg.o
 .text.SYSCFG_SRAMWRPEnable
                0x00000000       0x24 ..\obj\stm32f30x_syscfg.o
 .text.SYSCFG_GetFlagStatus
                0x00000000       0x34 ..\obj\stm32f30x_syscfg.o
 .text.SYSCFG_ClearFlag
                0x00000000       0x24 ..\obj\stm32f30x_syscfg.o
 .text          0x00000000        0x0 ..\obj\SysTick_metoder.o
 .data          0x00000000        0x0 ..\obj\SysTick_metoder.o
 .text          0x00000000        0x0 ..\obj\stm32f30x_can.o
 .data          0x00000000        0x0 ..\obj\stm32f30x_can.o
 .bss           0x00000000        0x0 ..\obj\stm32f30x_can.o
 .text.CAN_StructInit
                0x00000000       0x54 ..\obj\stm32f30x_can.o
 .text.CAN_SlaveStartBank
                0x00000000       0x60 ..\obj\stm32f30x_can.o
 .text.CAN_DBGFreeze
                0x00000000       0x38 ..\obj\stm32f30x_can.o
 .text.CAN_TTComModeCmd
                0x00000000       0x98 ..\obj\stm32f30x_can.o
 .text.CAN_CancelTransmit
                0x00000000       0x50 ..\obj\stm32f30x_can.o
 .text.CAN_FIFORelease
                0x00000000       0x38 ..\obj\stm32f30x_can.o
 .text.CAN_MessagePending
                0x00000000       0x4c ..\obj\stm32f30x_can.o
 .text.CAN_OperatingModeRequest
                0x00000000       0xfc ..\obj\stm32f30x_can.o
 .text.CAN_Sleep
                0x00000000       0x3c ..\obj\stm32f30x_can.o
 .text.CAN_WakeUp
                0x00000000       0x58 ..\obj\stm32f30x_can.o
 .text.CAN_GetLastErrorCode
                0x00000000       0x28 ..\obj\stm32f30x_can.o
 .text.CAN_GetReceiveErrorCounter
                0x00000000       0x24 ..\obj\stm32f30x_can.o
 .text.CAN_GetLSBTransmitErrorCounter
                0x00000000       0x28 ..\obj\stm32f30x_can.o
 .text.CAN_GetFlagStatus
                0x00000000       0xd0 ..\obj\stm32f30x_can.o
 .text.CAN_ClearFlag
                0x00000000       0x70 ..\obj\stm32f30x_can.o
 .text.CAN_GetITStatus
                0x00000000      0x194 ..\obj\stm32f30x_can.o
 .text.CAN_ClearITPendingBit
                0x00000000       0xdc ..\obj\stm32f30x_can.o
 .text.CheckITStatus
                0x00000000       0x30 ..\obj\stm32f30x_can.o
 .text          0x00000000        0x0 ..\obj\stm32f3_discovery.o
 .data          0x00000000       0x24 ..\obj\stm32f3_discovery.o
 .bss           0x00000000        0x0 ..\obj\stm32f3_discovery.o
 .rodata        0x00000000       0x48 ..\obj\stm32f3_discovery.o
 .text.STM_EVAL_LEDInit
                0x00000000       0x5c ..\obj\stm32f3_discovery.o
 .text.STM_EVAL_LEDOn
                0x00000000       0x30 ..\obj\stm32f3_discovery.o
 .text.STM_EVAL_LEDOff
                0x00000000       0x30 ..\obj\stm32f3_discovery.o
 .text.STM_EVAL_LEDToggle
                0x00000000       0x40 ..\obj\stm32f3_discovery.o
 .text.STM_EVAL_PBInit
                0x00000000       0x94 ..\obj\stm32f3_discovery.o
 .text.STM_EVAL_PBGetState
                0x00000000       0x2c ..\obj\stm32f3_discovery.o
 .debug_info    0x00000000      0x855 ..\obj\stm32f3_discovery.o
 .debug_abbrev  0x00000000      0x192 ..\obj\stm32f3_discovery.o
 .debug_aranges
                0x00000000       0x48 ..\obj\stm32f3_discovery.o
 .debug_ranges  0x00000000       0x38 ..\obj\stm32f3_discovery.o
 .debug_line    0x00000000      0x32b ..\obj\stm32f3_discovery.o
 .debug_str     0x00000000      0xaa7 ..\obj\stm32f3_discovery.o
 .comment       0x00000000       0x71 ..\obj\stm32f3_discovery.o
 .ARM.attributes
                0x00000000       0x33 ..\obj\stm32f3_discovery.o
 .debug_frame   0x00000000       0xc4 ..\obj\stm32f3_discovery.o
 .text          0x00000000        0x0 ..\obj\TIM_metoder.o
 .data          0x00000000        0x0 ..\obj\TIM_metoder.o
 .bss           0x00000000        0x0 ..\obj\TIM_metoder.o
 .text.TIM4_disable
                0x00000000       0x14 ..\obj\TIM_metoder.o
 .text.TIM4_enable
                0x00000000       0x14 ..\obj\TIM_metoder.o
 .text          0x00000000        0x0 ..\obj\ADC_metoder.o
 .data          0x00000000        0x0 ..\obj\ADC_metoder.o
 .text.getValues
                0x00000000       0x18 ..\obj\ADC_metoder.o
 .text          0x00000000        0x0 ..\obj\stm32f30x_usart.o
 .data          0x00000000        0x0 ..\obj\stm32f30x_usart.o
 .bss           0x00000000        0x0 ..\obj\stm32f30x_usart.o
 .text.USART_DeInit
                0x00000000       0xb8 ..\obj\stm32f30x_usart.o
 .text.USART_StructInit
                0x00000000       0x38 ..\obj\stm32f30x_usart.o
 .text.USART_DirectionModeCmd
                0x00000000       0x3c ..\obj\stm32f30x_usart.o
 .text.USART_OverSampling8Cmd
                0x00000000       0x38 ..\obj\stm32f30x_usart.o
 .text.USART_OneBitMethodCmd
                0x00000000       0x38 ..\obj\stm32f30x_usart.o
 .text.USART_MSBFirstCmd
                0x00000000       0x38 ..\obj\stm32f30x_usart.o
 .text.USART_DataInvCmd
                0x00000000       0x38 ..\obj\stm32f30x_usart.o
 .text.USART_InvPinCmd
                0x00000000       0x3c ..\obj\stm32f30x_usart.o
 .text.USART_SWAPPinCmd
                0x00000000       0x38 ..\obj\stm32f30x_usart.o
 .text.USART_ReceiverTimeOutCmd
                0x00000000       0x38 ..\obj\stm32f30x_usart.o
 .text.USART_SetReceiverTimeOut
                0x00000000       0x2c ..\obj\stm32f30x_usart.o
 .text.USART_SetPrescaler
                0x00000000       0x38 ..\obj\stm32f30x_usart.o
 .text.USART_STOPModeCmd
                0x00000000       0x38 ..\obj\stm32f30x_usart.o
 .text.USART_StopModeWakeUpSourceConfig
                0x00000000       0x2c ..\obj\stm32f30x_usart.o
 .text.USART_AutoBaudRateCmd
                0x00000000       0x38 ..\obj\stm32f30x_usart.o
 .text.USART_AutoBaudRateConfig
                0x00000000       0x2c ..\obj\stm32f30x_usart.o
 .text.USART_SendData
                0x00000000       0x24 ..\obj\stm32f30x_usart.o
 .text.USART_SetAddress
                0x00000000       0x30 ..\obj\stm32f30x_usart.o
 .text.USART_MuteModeCmd
                0x00000000       0x38 ..\obj\stm32f30x_usart.o
 .text.USART_MuteModeWakeUpConfig
                0x00000000       0x2c ..\obj\stm32f30x_usart.o
 .text.USART_AddressDetectionConfig
                0x00000000       0x2c ..\obj\stm32f30x_usart.o
 .text.USART_LINBreakDetectLengthConfig
                0x00000000       0x2c ..\obj\stm32f30x_usart.o
 .text.USART_LINCmd
                0x00000000       0x38 ..\obj\stm32f30x_usart.o
 .text.USART_HalfDuplexCmd
                0x00000000       0x38 ..\obj\stm32f30x_usart.o
 .text.USART_SetGuardTime
                0x00000000       0x3c ..\obj\stm32f30x_usart.o
 .text.USART_SmartCardCmd
                0x00000000       0x38 ..\obj\stm32f30x_usart.o
 .text.USART_SmartCardNACKCmd
                0x00000000       0x38 ..\obj\stm32f30x_usart.o
 .text.USART_SetAutoRetryCount
                0x00000000       0x30 ..\obj\stm32f30x_usart.o
 .text.USART_SetBlockLength
                0x00000000       0x30 ..\obj\stm32f30x_usart.o
 .text.USART_IrDAConfig
                0x00000000       0x2c ..\obj\stm32f30x_usart.o
 .text.USART_IrDACmd
                0x00000000       0x38 ..\obj\stm32f30x_usart.o
 .text.USART_DECmd
                0x00000000       0x38 ..\obj\stm32f30x_usart.o
 .text.USART_DEPolarityConfig
                0x00000000       0x2c ..\obj\stm32f30x_usart.o
 .text.USART_SetDEAssertionTime
                0x00000000       0x30 ..\obj\stm32f30x_usart.o
 .text.USART_SetDEDeassertionTime
                0x00000000       0x30 ..\obj\stm32f30x_usart.o
 .text.USART_DMACmd
                0x00000000       0x3c ..\obj\stm32f30x_usart.o
 .text.USART_DMAReceptionErrorConfig
                0x00000000       0x2c ..\obj\stm32f30x_usart.o
 .text.USART_RequestCmd
                0x00000000       0x48 ..\obj\stm32f30x_usart.o
 .text.USART_OverrunDetectionConfig
                0x00000000       0x2c ..\obj\stm32f30x_usart.o
 .text.USART_GetFlagStatus
                0x00000000       0x34 ..\obj\stm32f30x_usart.o
 .text.USART_ClearFlag
                0x00000000       0x1c ..\obj\stm32f30x_usart.o
 .text.USART_ClearITPendingBit
                0x00000000       0x34 ..\obj\stm32f30x_usart.o

Memory Configuration

Name             Origin             Length             Attributes
rom              0x08000000         0x00040000         xr
ram              0x20000000         0x0000a000         xrw
ram1             0x10000000         0x00002000         xrw
*default*        0x00000000         0xffffffff

Linker script and memory map

                0x2000a000                _eram = 0x2000a000

.text           0x08000000     0x2f87
 *(.isr_vector)
 .isr_vector    0x08000000      0x188 ..\obj\startup_stm32f30x.o
                0x08000000                g_pfnVectors
 *(.text*)
 .text.USART2_IRQHandler
                0x08000188       0x80 ..\obj\UART_metoder.o
                0x08000188                USART2_IRQHandler
 .text.USART_init
                0x08000208       0xd8 ..\obj\UART_metoder.o
                0x08000208                USART_init
 .text.RCC_GetClocksFreq
                0x080002e0      0x414 ..\obj\stm32f30x_rcc.o
                0x080002e0                RCC_GetClocksFreq
 .text.RCC_ADCCLKConfig
                0x080006f4       0x4c ..\obj\stm32f30x_rcc.o
                0x080006f4                RCC_ADCCLKConfig
 .text.RCC_AHBPeriphClockCmd
                0x08000740       0x3c ..\obj\stm32f30x_rcc.o
                0x08000740                RCC_AHBPeriphClockCmd
 .text.RCC_APB2PeriphClockCmd
                0x0800077c       0x3c ..\obj\stm32f30x_rcc.o
                0x0800077c                RCC_APB2PeriphClockCmd
 .text.RCC_APB1PeriphClockCmd
                0x080007b8       0x3c ..\obj\stm32f30x_rcc.o
                0x080007b8                RCC_APB1PeriphClockCmd
 .text.RCC_APB1PeriphResetCmd
                0x080007f4       0x3c ..\obj\stm32f30x_rcc.o
                0x080007f4                RCC_APB1PeriphResetCmd
 .text.LSM303DLHC_AccInit
                0x08000830       0x78 ..\obj\stm32f3_discovery_lsm303dlhc.o
                0x08000830                LSM303DLHC_AccInit
 .text.LSM303DLHC_Write
                0x080008a8      0x160 ..\obj\stm32f3_discovery_lsm303dlhc.o
                0x080008a8                LSM303DLHC_Write
 .text.LSM303DLHC_LowLevel_Init
                0x08000a08      0x150 ..\obj\stm32f3_discovery_lsm303dlhc.o
 .text.LSM303DLHC_TIMEOUT_UserCallback
                0x08000b58        0x8 ..\obj\stm32f3_discovery_lsm303dlhc.o
                0x08000b58                LSM303DLHC_TIMEOUT_UserCallback
 .text.ADC_Init
                0x08000b60       0x80 ..\obj\stm32f30x_adc.o
                0x08000b60                ADC_Init
 .text.ADC_CommonInit
                0x08000be0       0x9c ..\obj\stm32f30x_adc.o
                0x08000be0                ADC_CommonInit
 .text.ADC_Cmd  0x08000c7c       0x38 ..\obj\stm32f30x_adc.o
                0x08000c7c                ADC_Cmd
 .text.ADC_StartCalibration
                0x08000cb4       0x20 ..\obj\stm32f30x_adc.o
                0x08000cb4                ADC_StartCalibration
 .text.ADC_SelectCalibrationMode
                0x08000cd4       0x2c ..\obj\stm32f30x_adc.o
                0x08000cd4                ADC_SelectCalibrationMode
 .text.ADC_GetCalibrationStatus
                0x08000d00       0x2c ..\obj\stm32f30x_adc.o
                0x08000d00                ADC_GetCalibrationStatus
 .text.ADC_VoltageRegulatorCmd
                0x08000d2c       0x44 ..\obj\stm32f30x_adc.o
                0x08000d2c                ADC_VoltageRegulatorCmd
 .text.ADC_RegularChannelConfig
                0x08000d70      0x1e4 ..\obj\stm32f30x_adc.o
                0x08000d70                ADC_RegularChannelConfig
 .text.ADC_StartConversion
                0x08000f54       0x20 ..\obj\stm32f30x_adc.o
                0x08000f54                ADC_StartConversion
 .text.ADC_GetConversionValue
                0x08000f74       0x1c ..\obj\stm32f30x_adc.o
                0x08000f74                ADC_GetConversionValue
 .text.ADC_ITConfig
                0x08000f90       0x3c ..\obj\stm32f30x_adc.o
                0x08000f90                ADC_ITConfig
 .text.ADC_GetFlagStatus
                0x08000fcc       0x34 ..\obj\stm32f30x_adc.o
                0x08000fcc                ADC_GetFlagStatus
 .text.ADC_ClearFlag
                0x08001000       0x1c ..\obj\stm32f30x_adc.o
                0x08001000                ADC_ClearFlag
 .text.GPIO_Init
                0x0800101c      0x128 ..\obj\stm32f30x_gpio.o
                0x0800101c                GPIO_Init
 .text.GPIO_PinAFConfig
                0x08001144       0x8c ..\obj\stm32f30x_gpio.o
                0x08001144                GPIO_PinAFConfig
 .text.GPIO_init
                0x080011d0       0x58 ..\obj\GPIO_metoder.o
                0x080011d0                GPIO_init
 .text.main     0x08001228       0x2c ..\obj\main.o
                0x08001228                main
 .text.init     0x08001254       0x28 ..\obj\init.o
                0x08001254                init
 .text.CAN_Config
                0x0800127c      0x168 ..\obj\can_metoder.o
                0x0800127c                CAN_Config
 .text.USB_LP_CAN1_RX0_IRQHandler
                0x080013e4       0x8c ..\obj\can_metoder.o
                0x080013e4                USB_LP_CAN1_RX0_IRQHandler
 .text.CAN_getRxMessages
                0x08001470       0x18 ..\obj\can_metoder.o
                0x08001470                CAN_getRxMessages
 .text.CAN_getByteFromMessage
                0x08001488       0x2c ..\obj\can_metoder.o
                0x08001488                CAN_getByteFromMessage
 .text.CAN_transmit_AN_RAW
                0x080014b4       0xf4 ..\obj\can_metoder.o
                0x080014b4                CAN_transmit_AN_RAW
 .text.EXTI_Init
                0x080015a8      0x1f4 ..\obj\stm32f30x_exti.o
                0x080015a8                EXTI_Init
 .text.I2C_Init
                0x0800179c       0xc8 ..\obj\stm32f30x_i2c.o
                0x0800179c                I2C_Init
 .text.I2C_Cmd  0x08001864       0x38 ..\obj\stm32f30x_i2c.o
                0x08001864                I2C_Cmd
 .text.I2C_TransferHandling
                0x0800189c       0x58 ..\obj\stm32f30x_i2c.o
                0x0800189c                I2C_TransferHandling
 .text.I2C_SendData
                0x080018f4       0x1c ..\obj\stm32f30x_i2c.o
                0x080018f4                I2C_SendData
 .text.I2C_GetFlagStatus
                0x08001910       0x40 ..\obj\stm32f30x_i2c.o
                0x08001910                I2C_GetFlagStatus
 .text.I2C_ClearFlag
                0x08001950       0x1c ..\obj\stm32f30x_i2c.o
                0x08001950                I2C_ClearFlag
 .text.accelerometer_init
                0x0800196c       0x30 ..\obj\akselerometer_metoder.o
                0x0800196c                accelerometer_init
 .text.SystemInit1
                0x0800199c       0x80 ..\obj\system_stm32f30x_temp.o
                0x0800199c                SystemInit
                0x0800199c                SystemInit1
 .text.SetSysClock1
                0x08001a1c       0xe0 ..\obj\system_stm32f30x_temp.o
                0x08001a1c                SetSysClock
 .text.NVIC_Init
                0x08001afc       0xc0 ..\obj\stm32f30x_misc.o
                0x08001afc                NVIC_Init
 .text.TIM_TimeBaseInit
                0x08001bbc       0xec ..\obj\stm32f30x_tim.o
                0x08001bbc                TIM_TimeBaseInit
 .text.TIM_Cmd  0x08001ca8       0x40 ..\obj\stm32f30x_tim.o
                0x08001ca8                TIM_Cmd
 .text.TIM_OC1Init
                0x08001ce8      0x118 ..\obj\stm32f30x_tim.o
                0x08001ce8                TIM_OC1Init
 .text.TIM_SelectOutputTrigger
                0x08001e00       0x30 ..\obj\stm32f30x_tim.o
                0x08001e00                TIM_SelectOutputTrigger
 .text.Reset_Handler
                0x08001e30       0x4c ..\obj\startup_stm32f30x.o
                0x08001e30                Reset_Handler
 .text.Default_Handler
                0x08001e7c        0x4 ..\obj\startup_stm32f30x.o
                0x08001e7c                RTC_Alarm_IRQHandler
                0x08001e7c                TIM8_TRG_COM_IRQHandler
                0x08001e7c                TIM8_CC_IRQHandler
                0x08001e7c                DebugMon_Handler
                0x08001e7c                TIM1_CC_IRQHandler
                0x08001e7c                HardFault_Handler
                0x08001e7c                USB_HP_IRQHandler
                0x08001e7c                PVD_IRQHandler
                0x08001e7c                PendSV_Handler
                0x08001e7c                NMI_Handler
                0x08001e7c                EXTI3_IRQHandler
                0x08001e7c                EXTI0_IRQHandler
                0x08001e7c                I2C2_EV_IRQHandler
                0x08001e7c                FPU_IRQHandler
                0x08001e7c                EXTI2_TS_IRQHandler
                0x08001e7c                TIM1_UP_TIM16_IRQHandler
                0x08001e7c                UsageFault_Handler
                0x08001e7c                SPI1_IRQHandler
                0x08001e7c                TIM6_DAC_IRQHandler
                0x08001e7c                TIM8_UP_IRQHandler
                0x08001e7c                DMA2_Channel2_IRQHandler
                0x08001e7c                DMA1_Channel4_IRQHandler
                0x08001e7c                USART3_IRQHandler
                0x08001e7c                DMA1_Channel7_IRQHandler
                0x08001e7c                CAN1_RX1_IRQHandler
                0x08001e7c                UART5_IRQHandler
                0x08001e7c                ADC3_IRQHandler
                0x08001e7c                TIM4_IRQHandler
                0x08001e7c                DMA2_Channel1_IRQHandler
                0x08001e7c                I2C1_EV_IRQHandler
                0x08001e7c                DMA1_Channel6_IRQHandler
                0x08001e7c                UART4_IRQHandler
                0x08001e7c                DMA2_Channel4_IRQHandler
                0x08001e7c                TIM3_IRQHandler
                0x08001e7c                RCC_IRQHandler
                0x08001e7c                DMA1_Channel1_IRQHandler
                0x08001e7c                Default_Handler
                0x08001e7c                USBWakeUp_RMP_IRQHandler
                0x08001e7c                EXTI15_10_IRQHandler
                0x08001e7c                TIM7_IRQHandler
                0x08001e7c                EXTI9_5_IRQHandler
                0x08001e7c                TAMPER_STAMP_IRQHandler
                0x08001e7c                RTC_WKUP_IRQHandler
                0x08001e7c                SPI2_IRQHandler
                0x08001e7c                MemManage_Handler
                0x08001e7c                SVC_Handler
                0x08001e7c                DMA2_Channel5_IRQHandler
                0x08001e7c                DMA1_Channel5_IRQHandler
                0x08001e7c                USB_LP_IRQHandler
                0x08001e7c                EXTI4_IRQHandler
                0x08001e7c                TIM1_TRG_COM_TIM17_IRQHandler
                0x08001e7c                USB_HP_CAN1_TX_IRQHandler
                0x08001e7c                DMA1_Channel3_IRQHandler
                0x08001e7c                WWDG_IRQHandler
                0x08001e7c                TIM2_IRQHandler
                0x08001e7c                COMP7_IRQHandler
                0x08001e7c                COMP1_2_3_IRQHandler
                0x08001e7c                EXTI1_IRQHandler
                0x08001e7c                COMP4_5_6_IRQHandler
                0x08001e7c                I2C2_ER_IRQHandler
                0x08001e7c                DMA1_Channel2_IRQHandler
                0x08001e7c                TIM8_BRK_IRQHandler
                0x08001e7c                CAN1_SCE_IRQHandler
                0x08001e7c                FLASH_IRQHandler
                0x08001e7c                BusFault_Handler
                0x08001e7c                USART1_IRQHandler
                0x08001e7c                SPI3_IRQHandler
                0x08001e7c                I2C1_ER_IRQHandler
                0x08001e7c                USBWakeUp_IRQHandler
                0x08001e7c                DMA2_Channel3_IRQHandler
                0x08001e7c                TIM1_BRK_TIM15_IRQHandler
 .text.SYSCFG_EXTILineConfig
                0x08001e80       0x7c ..\obj\stm32f30x_syscfg.o
                0x08001e80                SYSCFG_EXTILineConfig
 .text.NVIC_SetPriority
                0x08001efc       0x54 ..\obj\SysTick_metoder.o
 .text.SysTick_init
                0x08001f50       0x30 ..\obj\SysTick_metoder.o
                0x08001f50                SysTick_init
 .text.SysTick_Handler
                0x08001f80       0x78 ..\obj\SysTick_metoder.o
                0x08001f80                SysTick_Handler
 .text.CAN_DeInit
                0x08001ff8       0x24 ..\obj\stm32f30x_can.o
                0x08001ff8                CAN_DeInit
 .text.CAN_Init
                0x0800201c      0x1a4 ..\obj\stm32f30x_can.o
                0x0800201c                CAN_Init
 .text.CAN_FilterInit
                0x080021c0      0x164 ..\obj\stm32f30x_can.o
                0x080021c0                CAN_FilterInit
 .text.CAN_Transmit
                0x08002324      0x190 ..\obj\stm32f30x_can.o
                0x08002324                CAN_Transmit
 .text.CAN_TransmitStatus
                0x080024b4       0xd4 ..\obj\stm32f30x_can.o
                0x080024b4                CAN_TransmitStatus
 .text.CAN_Receive
                0x08002588      0x170 ..\obj\stm32f30x_can.o
                0x08002588                CAN_Receive
 .text.CAN_ITConfig
                0x080026f8       0x3c ..\obj\stm32f30x_can.o
                0x080026f8                CAN_ITConfig
 .text.TIM4_init
                0x08002734       0x90 ..\obj\TIM_metoder.o
                0x08002734                TIM4_init
 .text.TIM2_init
                0x080027c4       0x50 ..\obj\TIM_metoder.o
                0x080027c4                TIM2_init
 .text.ADC1_2_IRQHandler
                0x08002814       0xe4 ..\obj\ADC_metoder.o
                0x08002814                ADC1_2_IRQHandler
 .text.ADC4_IRQHandler
                0x080028f8       0x6c ..\obj\ADC_metoder.o
                0x080028f8                ADC4_IRQHandler
 .text.ADC_init
                0x08002964      0x22c ..\obj\ADC_metoder.o
                0x08002964                ADC_init
 .text.ADC1_getChannel
                0x08002b90       0x4c ..\obj\ADC_metoder.o
                0x08002b90                ADC1_getChannel
 .text.ADC4_getChannel
                0x08002bdc       0x3c ..\obj\ADC_metoder.o
                0x08002bdc                ADC4_getChannel
 .text.USART_Init
                0x08002c18      0x174 ..\obj\stm32f30x_usart.o
                0x08002c18                USART_Init
 .text.USART_ClockInit
                0x08002d8c       0x48 ..\obj\stm32f30x_usart.o
                0x08002d8c                USART_ClockInit
 .text.USART_ClockStructInit
                0x08002dd4       0x2c ..\obj\stm32f30x_usart.o
                0x08002dd4                USART_ClockStructInit
 .text.USART_Cmd
                0x08002e00       0x38 ..\obj\stm32f30x_usart.o
                0x08002e00                USART_Cmd
 .text.USART_ReceiveData
                0x08002e38       0x20 ..\obj\stm32f30x_usart.o
                0x08002e38                USART_ReceiveData
 .text.USART_ITConfig
                0x08002e58       0x84 ..\obj\stm32f30x_usart.o
                0x08002e58                USART_ITConfig
 .text.USART_GetITStatus
                0x08002edc       0xa0 ..\obj\stm32f30x_usart.o
                0x08002edc                USART_GetITStatus
 *(.init)
 *(.fini)
 *crtbegin.o(.ctors)
 *crtbegin?.o(.ctors)
 *(EXCLUDE_FILE(*crtend.o *crtend?.o) .ctors)
 *(SORT(.ctors.*))
 *(.ctors)
 *crtbegin.o(.dtors)
 *crtbegin?.o(.dtors)
 *(EXCLUDE_FILE(*crtend.o *crtend?.o) .dtors)
 *(SORT(.dtors.*))
 *(.dtors)
 *(.rodata*)
 .rodata        0x08002f7c        0xb ..\obj\main.o
                0x08002f7c                ACC_AXIS_X
                0x08002f7d                ACC_AXIS_Y
                0x08002f7e                ACC_AXIS_Z
                0x08002f7f                MAIN_LOOP_LED
                0x08002f80                SYSTICK_LED
                0x08002f81                CAN_RX_LED
                0x08002f82                CAN_TX_LED
                0x08002f83                UART_RX_LED
                0x08002f84                UART_TX_LED
                0x08002f85                STATUS_LED6
                0x08002f86                STATUS_LED7
 *(.eh_fram e*)

.glue_7         0x08002f88        0x0
 .glue_7        0x00000000        0x0 linker stubs

.glue_7t        0x08002f88        0x0
 .glue_7t       0x00000000        0x0 linker stubs

.vfp11_veneer   0x08002f88        0x0
 .vfp11_veneer  0x00000000        0x0 linker stubs

.v4_bx          0x08002f88        0x0
 .v4_bx         0x00000000        0x0 linker stubs

.iplt           0x08002f88        0x0
 .iplt          0x00000000        0x0 ..\obj\UART_metoder.o

.rel.dyn        0x08002f88        0x0
 .rel.iplt      0x00000000        0x0 ..\obj\UART_metoder.o

.ARM.extab
 *(.ARM.extab* .gnu.linkonce.armextab.*)
                0x08002f88                __exidx_start = .

.ARM.exidx
 *(.ARM.exidx* .gnu.linkonce.armexidx.*)
                0x08002f88                __exidx_end = .
                0x08002f88                __etext = .
                0x08002f87                _sidata = __etext

.data           0x20000000       0x30 load address 0x08002f87
                0x20000000                __data_start__ = .
                0x20000000                _sdata = __data_start__
 *(vtable)
 *(.data*)
 .data          0x20000000       0x2c ..\obj\stm32f30x_rcc.o
 .data          0x2000002c        0x4 ..\obj\stm32f3_discovery_lsm303dlhc.o
                0x2000002c                LSM303DLHC_Timeout
                0x20000030                . = ALIGN (0x4)
                0x20000030                PROVIDE (__preinit_array_start, .)
 *(.preinit_array)
                0x20000030                PROVIDE (__preinit_array_end, .)
                0x20000030                . = ALIGN (0x4)
                0x20000030                PROVIDE (__init_array_start, .)
 *(SORT(.init_array.*))
 *(.init_array)
                0x20000030                PROVIDE (__init_array_end, .)
                0x20000030                . = ALIGN (0x4)
                0x20000030                PROVIDE (__fini_array_start, .)
 *(SORT(.fini_array.*))
 *(.fini_array)
                0x20000030                PROVIDE (__fini_array_end, .)
 *(.jcr*)
                0x20000030                . = ALIGN (0x4)
                0x20000030                __data_end__ = .
                0x20000030                _edata = __data_end__

.igot.plt       0x20000030        0x0 load address 0x08002fb8
 .igot.plt      0x00000000        0x0 ..\obj\UART_metoder.o

.bss            0x20000030       0xd4 load address 0x08002fb8
                0x20000030                . = ALIGN (0x4)
                0x20000030                __bss_start__ = .
                0x20000030                _sbss = __bss_start__
 *(.bss*)
 .bss           0x20000030       0x10 ..\obj\UART_metoder.o
                0x20000030                rx_buffer
                0x2000003a                rx_buffer_write_counter
                0x2000003b                rx_buffer_read_counter
                0x2000003c                new_bytes
 .bss           0x20000040       0x18 ..\obj\can_metoder.o
                0x20000040                TxMsg
                0x20000054                rx_messages
                0x20000055                TransmitMailbox
 .bss           0x20000058        0x8 ..\obj\SysTick_metoder.o
                0x20000058                teller
                0x2000005a                val
                0x2000005c                valVoltage
 .bss           0x20000060        0xc ..\obj\ADC_metoder.o
                0x20000060                new_values
                0x20000061                channel_counter
                0x20000064                ADC1_buffer
 *(COMMON)
 COMMON         0x2000006c       0x94 ..\obj\can_metoder.o
                0x2000006c                RxMsg
                0x20000080                Rx_Array
 COMMON         0x20000100        0x2 ..\obj\ADC_metoder.o
                0x20000100                ADC4_conv_val
                0x20000104                . = ALIGN (0x4)
 *fill*         0x20000102        0x2 
                0x20000104                __bss_end__ = .
                0x20000104                _ebss = __bss_end__

.heap           0x20000104        0x0
                0x20000104                __end__ = .
                0x20000104                _end = __end__
                0x20000104                end = __end__
 *(.heap*)
                0x20000104                __HeapLimit = .

.co_stack       0x20000104        0x4 load address 0x0800308c
                0x20000108                . = ALIGN (0x8)
 *fill*         0x20000104        0x4 
 *(.co_stack .co_stack.*)
                0x2000a000                __StackTop = (ORIGIN (ram) + 0xa000)
                0x20009ffc                __StackLimit = (__StackTop - SIZEOF (.co_stack))
                0x2000a000                PROVIDE (__stack, __StackTop)
                0x00000001                ASSERT ((__StackLimit >= __HeapLimit), region ram  overflowed with stack)
LOAD ..\obj\UART_metoder.o
LOAD ..\obj\stm32f30x_rcc.o
LOAD ..\obj\stm32f3_discovery_lsm303dlhc.o
LOAD ..\obj\stm32f30x_adc.o
LOAD ..\obj\stm32f30x_gpio.o
LOAD ..\obj\GPIO_metoder.o
LOAD ..\obj\main.o
LOAD ..\obj\init.o
LOAD ..\obj\can_metoder.o
LOAD ..\obj\stm32f30x_exti.o
LOAD ..\obj\stm32f30x_spi.o
LOAD ..\obj\stm32f30x_i2c.o
LOAD ..\obj\akselerometer_metoder.o
LOAD ..\obj\system_stm32f30x_temp.o
LOAD ..\obj\stm32f30x_misc.o
LOAD ..\obj\stm32f30x_tim.o
LOAD ..\obj\stm32f3_discovery_l3gd20.o
LOAD ..\obj\startup_stm32f30x.o
LOAD ..\obj\stm32f30x_syscfg.o
LOAD ..\obj\SysTick_metoder.o
LOAD ..\obj\stm32f30x_can.o
LOAD ..\obj\stm32f3_discovery.o
LOAD ..\obj\TIM_metoder.o
LOAD ..\obj\ADC_metoder.o
LOAD ..\obj\stm32f30x_usart.o
START GROUP
LOAD c:/program files (x86)/gnu tools arm embedded/4.8 2014q3/bin/../lib/gcc/arm-none-eabi/4.8.4/armv7e-m\libgcc.a
LOAD c:/program files (x86)/gnu tools arm embedded/4.8 2014q3/bin/../lib/gcc/arm-none-eabi/4.8.4/../../../../arm-none-eabi/lib/armv7e-m\libg.a
LOAD c:/program files (x86)/gnu tools arm embedded/4.8 2014q3/bin/../lib/gcc/arm-none-eabi/4.8.4/../../../../arm-none-eabi/lib/armv7e-m\libc.a
END GROUP
OUTPUT(usb_can_v02.elf elf32-littlearm)

.debug_info     0x00000000     0xb7c1
 .debug_info    0x00000000      0x799 ..\obj\UART_metoder.o
 .debug_info    0x00000799      0xaac ..\obj\stm32f30x_rcc.o
 .debug_info    0x00001245      0x99b ..\obj\stm32f3_discovery_lsm303dlhc.o
 .debug_info    0x00001be0     0x1317 ..\obj\stm32f30x_adc.o
 .debug_info    0x00002ef7      0x5fa ..\obj\stm32f30x_gpio.o
 .debug_info    0x000034f1      0x2cf ..\obj\GPIO_metoder.o
 .debug_info    0x000037c0      0x2b9 ..\obj\main.o
 .debug_info    0x00003a79       0x33 ..\obj\init.o
 .debug_info    0x00003aac      0xb24 ..\obj\can_metoder.o
 .debug_info    0x000045d0      0x3b4 ..\obj\stm32f30x_exti.o
 .debug_info    0x00004984      0xbde ..\obj\stm32f30x_i2c.o
 .debug_info    0x00005562      0x1f9 ..\obj\akselerometer_metoder.o
 .debug_info    0x0000575b      0x498 ..\obj\system_stm32f30x_temp.o
 .debug_info    0x00005bf3      0x53d ..\obj\stm32f30x_misc.o
 .debug_info    0x00006130     0x2184 ..\obj\stm32f30x_tim.o
 .debug_info    0x000082b4       0xe5 ..\obj\startup_stm32f30x.o
 .debug_info    0x00008399      0x3c6 ..\obj\stm32f30x_syscfg.o
 .debug_info    0x0000875f      0x738 ..\obj\SysTick_metoder.o
 .debug_info    0x00008e97      0xb9c ..\obj\stm32f30x_can.o
 .debug_info    0x00009a33      0x598 ..\obj\TIM_metoder.o
 .debug_info    0x00009fcb      0x93a ..\obj\ADC_metoder.o
 .debug_info    0x0000a905      0xebc ..\obj\stm32f30x_usart.o

.debug_abbrev   0x00000000     0x1d4c
 .debug_abbrev  0x00000000      0x181 ..\obj\UART_metoder.o
 .debug_abbrev  0x00000181      0x1e3 ..\obj\stm32f30x_rcc.o
 .debug_abbrev  0x00000364      0x1b7 ..\obj\stm32f3_discovery_lsm303dlhc.o
 .debug_abbrev  0x0000051b      0x190 ..\obj\stm32f30x_adc.o
 .debug_abbrev  0x000006ab      0x194 ..\obj\stm32f30x_gpio.o
 .debug_abbrev  0x0000083f       0xff ..\obj\GPIO_metoder.o
 .debug_abbrev  0x0000093e       0xc9 ..\obj\main.o
 .debug_abbrev  0x00000a07       0x2a ..\obj\init.o
 .debug_abbrev  0x00000a31      0x20f ..\obj\can_metoder.o
 .debug_abbrev  0x00000c40      0x17a ..\obj\stm32f30x_exti.o
 .debug_abbrev  0x00000dba      0x17e ..\obj\stm32f30x_i2c.o
 .debug_abbrev  0x00000f38      0x109 ..\obj\akselerometer_metoder.o
 .debug_abbrev  0x00001041      0x145 ..\obj\system_stm32f30x_temp.o
 .debug_abbrev  0x00001186      0x145 ..\obj\stm32f30x_misc.o
 .debug_abbrev  0x000012cb      0x187 ..\obj\stm32f30x_tim.o
 .debug_abbrev  0x00001452       0x12 ..\obj\startup_stm32f30x.o
 .debug_abbrev  0x00001464      0x181 ..\obj\stm32f30x_syscfg.o
 .debug_abbrev  0x000015e5      0x15c ..\obj\SysTick_metoder.o
 .debug_abbrev  0x00001741      0x1f3 ..\obj\stm32f30x_can.o
 .debug_abbrev  0x00001934      0x117 ..\obj\TIM_metoder.o
 .debug_abbrev  0x00001a4b      0x1ac ..\obj\ADC_metoder.o
 .debug_abbrev  0x00001bf7      0x155 ..\obj\stm32f30x_usart.o

.debug_aranges  0x00000000      0xf58
 .debug_aranges
                0x00000000       0x40 ..\obj\UART_metoder.o
 .debug_aranges
                0x00000040      0x150 ..\obj\stm32f30x_rcc.o
 .debug_aranges
                0x00000190       0xa0 ..\obj\stm32f3_discovery_lsm303dlhc.o
 .debug_aranges
                0x00000230      0x210 ..\obj\stm32f30x_adc.o
 .debug_aranges
                0x00000440       0x80 ..\obj\stm32f30x_gpio.o
 .debug_aranges
                0x000004c0       0x20 ..\obj\GPIO_metoder.o
 .debug_aranges
                0x000004e0       0x20 ..\obj\main.o
 .debug_aranges
                0x00000500       0x20 ..\obj\init.o
 .debug_aranges
                0x00000520       0x50 ..\obj\can_metoder.o
 .debug_aranges
                0x00000570       0x58 ..\obj\stm32f30x_exti.o
 .debug_aranges
                0x000005c8      0x168 ..\obj\stm32f30x_i2c.o
 .debug_aranges
                0x00000730       0x30 ..\obj\akselerometer_metoder.o
 .debug_aranges
                0x00000760       0x30 ..\obj\system_stm32f30x_temp.o
 .debug_aranges
                0x00000790       0x40 ..\obj\stm32f30x_misc.o
 .debug_aranges
                0x000007d0      0x3a8 ..\obj\stm32f30x_tim.o
 .debug_aranges
                0x00000b78       0x28 ..\obj\startup_stm32f30x.o
 .debug_aranges
                0x00000ba0       0x88 ..\obj\stm32f30x_syscfg.o
 .debug_aranges
                0x00000c28       0x30 ..\obj\SysTick_metoder.o
 .debug_aranges
                0x00000c58       0xe0 ..\obj\stm32f30x_can.o
 .debug_aranges
                0x00000d38       0x38 ..\obj\TIM_metoder.o
 .debug_aranges
                0x00000d70       0x48 ..\obj\ADC_metoder.o
 .debug_aranges
                0x00000db8      0x1a0 ..\obj\stm32f30x_usart.o

.debug_ranges   0x00000000      0xe00
 .debug_ranges  0x00000000       0x30 ..\obj\UART_metoder.o
 .debug_ranges  0x00000030      0x140 ..\obj\stm32f30x_rcc.o
 .debug_ranges  0x00000170       0x90 ..\obj\stm32f3_discovery_lsm303dlhc.o
 .debug_ranges  0x00000200      0x200 ..\obj\stm32f30x_adc.o
 .debug_ranges  0x00000400       0x70 ..\obj\stm32f30x_gpio.o
 .debug_ranges  0x00000470       0x10 ..\obj\GPIO_metoder.o
 .debug_ranges  0x00000480       0x10 ..\obj\main.o
 .debug_ranges  0x00000490       0x10 ..\obj\init.o
 .debug_ranges  0x000004a0       0x40 ..\obj\can_metoder.o
 .debug_ranges  0x000004e0       0x48 ..\obj\stm32f30x_exti.o
 .debug_ranges  0x00000528      0x158 ..\obj\stm32f30x_i2c.o
 .debug_ranges  0x00000680       0x20 ..\obj\akselerometer_metoder.o
 .debug_ranges  0x000006a0       0x20 ..\obj\system_stm32f30x_temp.o
 .debug_ranges  0x000006c0       0x30 ..\obj\stm32f30x_misc.o
 .debug_ranges  0x000006f0      0x398 ..\obj\stm32f30x_tim.o
 .debug_ranges  0x00000a88       0x20 ..\obj\startup_stm32f30x.o
 .debug_ranges  0x00000aa8       0x78 ..\obj\stm32f30x_syscfg.o
 .debug_ranges  0x00000b20       0x20 ..\obj\SysTick_metoder.o
 .debug_ranges  0x00000b40       0xd0 ..\obj\stm32f30x_can.o
 .debug_ranges  0x00000c10       0x28 ..\obj\TIM_metoder.o
 .debug_ranges  0x00000c38       0x38 ..\obj\ADC_metoder.o
 .debug_ranges  0x00000c70      0x190 ..\obj\stm32f30x_usart.o

.debug_line     0x00000000     0x5ae3
 .debug_line    0x00000000      0x386 ..\obj\UART_metoder.o
 .debug_line    0x00000386      0x606 ..\obj\stm32f30x_rcc.o
 .debug_line    0x0000098c      0x509 ..\obj\stm32f3_discovery_lsm303dlhc.o
 .debug_line    0x00000e95      0x83a ..\obj\stm32f30x_adc.o
 .debug_line    0x000016cf      0x39b ..\obj\stm32f30x_gpio.o
 .debug_line    0x00001a6a      0x26f ..\obj\GPIO_metoder.o
 .debug_line    0x00001cd9      0x257 ..\obj\main.o
 .debug_line    0x00001f30       0x85 ..\obj\init.o
 .debug_line    0x00001fb5      0x3f4 ..\obj\can_metoder.o
 .debug_line    0x000023a9      0x32a ..\obj\stm32f30x_exti.o
 .debug_line    0x000026d3      0x5e5 ..\obj\stm32f30x_i2c.o
 .debug_line    0x00002cb8      0x2ea ..\obj\akselerometer_metoder.o
 .debug_line    0x00002fa2      0x22f ..\obj\system_stm32f30x_temp.o
 .debug_line    0x000031d1      0x2d0 ..\obj\stm32f30x_misc.o
 .debug_line    0x000034a1      0xcb4 ..\obj\stm32f30x_tim.o
 .debug_line    0x00004155       0xc4 ..\obj\startup_stm32f30x.o
 .debug_line    0x00004219      0x317 ..\obj\stm32f30x_syscfg.o
 .debug_line    0x00004530      0x299 ..\obj\SysTick_metoder.o
 .debug_line    0x000047c9      0x5e0 ..\obj\stm32f30x_can.o
 .debug_line    0x00004da9      0x2c8 ..\obj\TIM_metoder.o
 .debug_line    0x00005071      0x3e0 ..\obj\ADC_metoder.o
 .debug_line    0x00005451      0x692 ..\obj\stm32f30x_usart.o

.debug_str      0x00000000     0x4ae5
 .debug_str     0x00000000      0x999 ..\obj\UART_metoder.o
                                0xa07 (size before relaxing)
 .debug_str     0x00000999      0x652 ..\obj\stm32f30x_rcc.o
                                0x818 (size before relaxing)
 .debug_str     0x00000feb      0x625 ..\obj\stm32f3_discovery_lsm303dlhc.o
                                0x957 (size before relaxing)
 .debug_str     0x00001610      0x9ae ..\obj\stm32f30x_adc.o
                                0xbb4 (size before relaxing)
 .debug_str     0x00001fbe      0x1a7 ..\obj\stm32f30x_gpio.o
                                0x4c3 (size before relaxing)
 .debug_str     0x00002165       0x5f ..\obj\GPIO_metoder.o
                                0x359 (size before relaxing)
 .debug_str     0x000021c4       0xca ..\obj\main.o
                                0x29e (size before relaxing)
 .debug_str     0x0000228e       0x4d ..\obj\init.o
                                 0xce (size before relaxing)
 .debug_str     0x000022db      0x38d ..\obj\can_metoder.o
                                0xbac (size before relaxing)
 .debug_str     0x00002668      0x144 ..\obj\stm32f30x_exti.o
                                0x3a4 (size before relaxing)
 .debug_str     0x000027ac      0x3ed ..\obj\stm32f30x_i2c.o
                                0x671 (size before relaxing)
 .debug_str     0x00002b99       0xf9 ..\obj\akselerometer_metoder.o
                                0x2e5 (size before relaxing)
 .debug_str     0x00002c92      0x114 ..\obj\system_stm32f30x_temp.o
                                0x32e (size before relaxing)
 .debug_str     0x00002da6      0x17e ..\obj\stm32f30x_misc.o
                                0x3f2 (size before relaxing)
 .debug_str     0x00002f24      0xd6b ..\obj\stm32f30x_tim.o
                                0xf9b (size before relaxing)
 .debug_str     0x00003c8f      0x28d ..\obj\stm32f30x_syscfg.o
                                0x424 (size before relaxing)
 .debug_str     0x00003f1c       0x9b ..\obj\SysTick_metoder.o
                                0x756 (size before relaxing)
 .debug_str     0x00003fb7      0x324 ..\obj\stm32f30x_can.o
                                0x758 (size before relaxing)
 .debug_str     0x000042db       0xab ..\obj\TIM_metoder.o
                                0x53b (size before relaxing)
 .debug_str     0x00004386      0x122 ..\obj\ADC_metoder.o
                                0xaf4 (size before relaxing)
 .debug_str     0x000044a8      0x63d ..\obj\stm32f30x_usart.o
                                0xa23 (size before relaxing)

.comment        0x00000000       0x70
 .comment       0x00000000       0x70 ..\obj\UART_metoder.o
                                 0x71 (size before relaxing)
 .comment       0x00000000       0x71 ..\obj\stm32f30x_rcc.o
 .comment       0x00000000       0x71 ..\obj\stm32f3_discovery_lsm303dlhc.o
 .comment       0x00000000       0x71 ..\obj\stm32f30x_adc.o
 .comment       0x00000000       0x71 ..\obj\stm32f30x_gpio.o
 .comment       0x00000000       0x71 ..\obj\GPIO_metoder.o
 .comment       0x00000000       0x71 ..\obj\main.o
 .comment       0x00000000       0x71 ..\obj\init.o
 .comment       0x00000000       0x71 ..\obj\can_metoder.o
 .comment       0x00000000       0x71 ..\obj\stm32f30x_exti.o
 .comment       0x00000000       0x71 ..\obj\stm32f30x_i2c.o
 .comment       0x00000000       0x71 ..\obj\akselerometer_metoder.o
 .comment       0x00000000       0x71 ..\obj\system_stm32f30x_temp.o
 .comment       0x00000000       0x71 ..\obj\stm32f30x_misc.o
 .comment       0x00000000       0x71 ..\obj\stm32f30x_tim.o
 .comment       0x00000000       0x71 ..\obj\stm32f30x_syscfg.o
 .comment       0x00000000       0x71 ..\obj\SysTick_metoder.o
 .comment       0x00000000       0x71 ..\obj\stm32f30x_can.o
 .comment       0x00000000       0x71 ..\obj\TIM_metoder.o
 .comment       0x00000000       0x71 ..\obj\ADC_metoder.o
 .comment       0x00000000       0x71 ..\obj\stm32f30x_usart.o

.ARM.attributes
                0x00000000       0x31
 .ARM.attributes
                0x00000000       0x33 ..\obj\UART_metoder.o
 .ARM.attributes
                0x00000033       0x33 ..\obj\stm32f30x_rcc.o
 .ARM.attributes
                0x00000066       0x33 ..\obj\stm32f3_discovery_lsm303dlhc.o
 .ARM.attributes
                0x00000099       0x33 ..\obj\stm32f30x_adc.o
 .ARM.attributes
                0x000000cc       0x33 ..\obj\stm32f30x_gpio.o
 .ARM.attributes
                0x000000ff       0x33 ..\obj\GPIO_metoder.o
 .ARM.attributes
                0x00000132       0x33 ..\obj\main.o
 .ARM.attributes
                0x00000165       0x33 ..\obj\init.o
 .ARM.attributes
                0x00000198       0x33 ..\obj\can_metoder.o
 .ARM.attributes
                0x000001cb       0x33 ..\obj\stm32f30x_exti.o
 .ARM.attributes
                0x000001fe       0x33 ..\obj\stm32f30x_i2c.o
 .ARM.attributes
                0x00000231       0x33 ..\obj\akselerometer_metoder.o
 .ARM.attributes
                0x00000264       0x33 ..\obj\system_stm32f30x_temp.o
 .ARM.attributes
                0x00000297       0x33 ..\obj\stm32f30x_misc.o
 .ARM.attributes
                0x000002ca       0x33 ..\obj\stm32f30x_tim.o
 .ARM.attributes
                0x000002fd       0x21 ..\obj\startup_stm32f30x.o
 .ARM.attributes
                0x0000031e       0x33 ..\obj\stm32f30x_syscfg.o
 .ARM.attributes
                0x00000351       0x33 ..\obj\SysTick_metoder.o
 .ARM.attributes
                0x00000384       0x33 ..\obj\stm32f30x_can.o
 .ARM.attributes
                0x000003b7       0x33 ..\obj\TIM_metoder.o
 .ARM.attributes
                0x000003ea       0x33 ..\obj\ADC_metoder.o
 .ARM.attributes
                0x0000041d       0x33 ..\obj\stm32f30x_usart.o

.debug_frame    0x00000000     0x3020
 .debug_frame   0x00000000       0xa0 ..\obj\UART_metoder.o
 .debug_frame   0x000000a0      0x44c ..\obj\stm32f30x_rcc.o
 .debug_frame   0x000004ec      0x228 ..\obj\stm32f3_discovery_lsm303dlhc.o
 .debug_frame   0x00000714      0x6f8 ..\obj\stm32f30x_adc.o
 .debug_frame   0x00000e0c      0x180 ..\obj\stm32f30x_gpio.o
 .debug_frame   0x00000f8c       0x30 ..\obj\GPIO_metoder.o
 .debug_frame   0x00000fbc       0x2c ..\obj\main.o
 .debug_frame   0x00000fe8       0x2c ..\obj\init.o
 .debug_frame   0x00001014       0xe0 ..\obj\can_metoder.o
 .debug_frame   0x000010f4       0xec ..\obj\stm32f30x_exti.o
 .debug_frame   0x000011e0      0x4ac ..\obj\stm32f30x_i2c.o
 .debug_frame   0x0000168c       0x68 ..\obj\akselerometer_metoder.o
 .debug_frame   0x000016f4       0x64 ..\obj\system_stm32f30x_temp.o
 .debug_frame   0x00001758       0x9c ..\obj\stm32f30x_misc.o
 .debug_frame   0x000017f4      0xca4 ..\obj\stm32f30x_tim.o
 .debug_frame   0x00002498      0x194 ..\obj\stm32f30x_syscfg.o
 .debug_frame   0x0000262c       0x68 ..\obj\SysTick_metoder.o
 .debug_frame   0x00002694      0x2d4 ..\obj\stm32f30x_can.o
 .debug_frame   0x00002968       0x88 ..\obj\TIM_metoder.o
 .debug_frame   0x000029f0       0xbc ..\obj\ADC_metoder.o
 .debug_frame   0x00002aac      0x574 ..\obj\stm32f30x_usart.o
